[
    {
        "Java-разработчик с нуля": [
            "Иван Бочаров",
            "Иван Маркитан",
            "Максим Батырев",
            "Максим Воронцов",
            "Сергей Индюков",
            "Сергей Сердюк"
        ]
    },
    {
        "Fullstack-разработчик на Python": [
            "Александр Бардин",
            "Александр Иванов",
            "Александр Ульянцев",
            "Александр Шлейко",
            "Евгений Шмаргунов",
            "Евгений Шек"
        ]
    },
    {
        "Python-разработчик с нуля": [
            "Александр Ульянцев",
            "Александр Бардин",
            "Александр Иванов"
        ]
    },
    {
        "Frontend-разработчик с нуля": [
            "Александр Фитискин",
            "Александр Шлейко",
            "Александр Беспоясов"
        ]
    }
]